-- The CXX compiler identification is AppleClang 21.0.0.21000334
-- Detecting CXX compiler ABI info
-- Detecting CXX compiler ABI info - done
-- Check for working CXX compiler: /usr/bin/c++ - skipped
-- Detecting CXX compile features
-- Detecting CXX compile features - done
-- Performing Test HAVE_MCPU_NATIVE
-- Performing Test HAVE_MCPU_NATIVE - Success
-- 
-- Lockstep Configuration Summary
-- ================================
-- Build type: Release
-- C++ Standard: 20
-- Compiler: AppleClang 21.0.0.21000334
-- System: Darwin arm64
-- Native CPU flag: -mcpu=native
-- Build tests: ON
-- Build benchmarks: ON
-- Build apps: ON
-- Enable sanitizers: OFF
-- Enable TSan: OFF
-- Enable native: OFF
-- 
-- Configuring done (1.7s)
-- Generating done (0.1s)
-- Build files have been written to: /Users/aneeshkrishna/Dev/projects/lockstep/build-baseline
