[  1%] Building CXX object CMakeFiles/lockstep_core.dir/src/risk/risk_engine.cpp.o
[  3%] Linking CXX static library liblockstep_core.a
[ 32%] Built target lockstep_core
[ 33%] Linking CXX executable lockstep_client
[ 35%] Linking CXX executable lockstep_replay
[ 38%] Linking CXX executable lockstep_exchange
[ 38%] Linking CXX executable fuzz_frame_decoder
[ 40%] Linking CXX executable lockstep_fault_stress
[ 41%] Linking CXX executable lockstep_bench
[ 43%] Building CXX object CMakeFiles/lockstep_crash_matrix.dir/bench/lockstep_crash_matrix.cpp.o
[ 45%] Building CXX object CMakeFiles/fuzz_snapshot_decoder.dir/fuzz/fuzz_snapshot_decoder.cpp.o
[ 48%] Linking CXX executable lockstep_demo
[ 48%] Building CXX object CMakeFiles/fuzz_wal_decoder.dir/fuzz/fuzz_wal_decoder.cpp.o
[ 50%] Built target lockstep_replay
[ 51%] Built target lockstep_client
[ 53%] Built target lockstep_exchange
[ 56%] Built target lockstep_fault_stress
[ 56%] Built target fuzz_frame_decoder
[ 58%] Built target lockstep_demo
[ 61%] Built target lockstep_bench
[ 62%] Building CXX object CMakeFiles/lockstep_tests.dir/tests/unit/test_risk_engine.cpp.o
[ 64%] Building CXX object CMakeFiles/lockstep_tests.dir/tests/property/test_differential.cpp.o
[ 66%] Linking CXX executable fuzz_snapshot_decoder
[ 67%] Linking CXX executable fuzz_wal_decoder
[ 67%] Built target fuzz_snapshot_decoder
[ 67%] Built target fuzz_wal_decoder
[ 69%] Linking CXX executable lockstep_tests
[ 98%] Built target lockstep_tests
[100%] Linking CXX executable lockstep_crash_matrix
[100%] Built target lockstep_crash_matrix
