=== Configuring Lockstep ===
cmake -S . -B build -G "Ninja" -DCMAKE_BUILD_TYPE=Release 
-- 
-- Lockstep Configuration Summary
-- ================================
-- Build type: Release
-- C++ Standard: 20
-- Compiler: AppleClang 17.0.0.17000013
-- System: Darwin arm64
-- Native CPU flag: -mcpu=native
-- Build tests: ON
-- Build benchmarks: ON
-- Build apps: ON
-- Enable sanitizers: OFF
-- Enable TSan: OFF
-- Enable native: OFF
-- 
-- Configuring done (0.1s)
-- Generating done (0.0s)
-- Build files have been written to: /Users/runner/work/lockstep/lockstep/build
=== Building Lockstep ===
cmake --build build --parallel
ninja: no work to do.
=== Running Demo ===
build/lockstep_demo 2>&1 | tee artifacts/demo/transcript.txt

 _           _   _          _   _
| |    __ _| |_| |__  _ __| |_(_)_ __   __ _
| |   / _` | __| '_ \| '__| __| | '_ \ / _` |
| |__| (_| | |_| | | | |  | |_| | | | | (_| |
|_____\__,_|\__|_| |_|_|   \__|_|_| |_|\__, |
                                       |___/
        Low-Latency Deterministic Exchange

Demo: Order Matching, Risk, and Recovery
=========================================

Setting up engine...
Creating engine...
Engine created.
Step 1: Submit resting orders...
  Client 1: Buy 100 @ 9950 -> Accepted
  Client 1: Buy 200 @ 9925 -> Accepted
  Client 2: Sell 150 @ 10050 -> Accepted

Step 2: Marketable order with matching...
  Client 2: Sell 50 @ 9950 -> Filled 50 @ 9950

Step 3: IOC and FOK orders...
  Client 1: IOC Buy 200 @ 10050 -> Filled 150
  Client 2: FOK Sell 1000 @ 9950 -> Rejected (insufficient liquidity)

Step 4: Cancel and replace...
  Client 1: Cancel order 2 -> Success
  Client 1: Replace order 1 -> Success

Step 5: Risk rejection...
  Client 2: Buy 10000 @ 9950 -> Rejected (MaxOrderQuantityExceeded)

Step 6: Book state...
  Best Bid: 9975
  Best Ask: 0
  Total Orders: 1
  Total Matches: 2

Step 7: State digest...
  Digest: 0x8812a2aace27787b
  Invariants: OK
  Reference match: OK

Demo artifacts saved to artifacts/demo/

Demo complete!
