Lockstep Test Suite
===================

Running risk_engine tests...
  [PASS] Risk engine quantity limit
  [PASS] Risk engine position limit
  [PASS] Risk engine kill switch
  [PASS] Position risk includes existing open orders
Running differential tests...
  [PASS] Seeded mixed workload
  [PASS] 12000 independently compared mixed commands, complete FIFO/risk/trade state
  [PASS] Capacity exhaustion
  [PASS] Invalid IDs and inputs
  [PASS] All order policies (GTC, IOC, FOK, STP)
Running recovery tests...
  [PASS] Two commands regression fixture
  [PASS] Snapshot save and restore
  [PASS] Snapshot plus subsequent WAL replay
  [PASS] Replay twice deterministic
  [PASS] Recovery followed by new trading
  [PASS] Corrupt checksum rejected
  [PASS] Invalid magic rejected
  [PASS] WAL sequence anomalies rejected
  [PASS] Torn final tail recoverable
  [PASS] Corrupt snapshot rejected

All selected tests passed!
