2026-10-06T00:40:02.9646221Z Current runner version: '2.337.0'
2026-10-06T00:40:02.9660719Z ##[group]Runner Image Provisioner
2026-10-06T00:40:02.9661211Z Hosted Compute Agent
2026-10-06T00:40:02.9661612Z Version: 20260901.588
2026-10-06T00:40:02.9662001Z Commit: f88ec8081b781fac6c440065ac7ff9e710ce3d0b
2026-10-06T00:40:02.9662398Z Build Date: 2026-09-01T19:56:44Z
2026-10-06T00:40:02.9662827Z Worker ID: {54780716-2983-465b-837e-37f74436fcbf}
2026-10-06T00:40:02.9663225Z Azure Region: westus3
2026-10-06T00:40:02.9663642Z ##[endgroup]
2026-10-06T00:40:02.9664385Z ##[group]Operating System
2026-10-06T00:40:02.9664720Z Ubuntu
2026-10-06T00:40:02.9665069Z 24.04.5
2026-10-06T00:40:02.9665363Z LTS
2026-10-06T00:40:02.9665685Z ##[endgroup]
2026-10-06T00:40:02.9666041Z ##[group]Runner Image
2026-10-06T00:40:02.9666377Z Image: ubuntu-24.04
2026-10-06T00:40:02.9666734Z Version: 20260927.320.1
2026-10-06T00:40:02.9667440Z Included Software: https://github.com/actions/runner-images/blob/ubuntu24/20260927.320/images/ubuntu/Ubuntu2404-Readme.md
2026-10-06T00:40:02.9668328Z Image Release: https://github.com/actions/runner-images/releases/tag/ubuntu24%2F20260927.320
2026-10-06T00:40:02.9669145Z ##[endgroup]
2026-10-06T00:40:02.9669784Z ##[group]GITHUB_TOKEN Permissions
2026-10-06T00:40:02.9671010Z Contents: read
2026-10-06T00:40:02.9671379Z Metadata: read
2026-10-06T00:40:02.9671698Z ##[endgroup]
2026-10-06T00:40:02.9672869Z Secret source: Actions
2026-10-06T00:40:02.9673400Z Cache mode: write
2026-10-06T00:40:02.9673858Z Prepare workflow directory
2026-10-06T00:40:02.9859237Z Prepare all required actions
2026-10-06T00:40:02.9887995Z Getting action download info
2026-10-06T00:40:03.3145425Z Download action repository 'actions/checkout@v4' (SHA:11d5960a326750d5838078e36cf38b85af677262)
2026-10-06T00:40:03.5581029Z Download action repository 'actions/upload-artifact@v4' (SHA:ea165f8d65b6e75b540449e92b4886f43607fa02)
2026-10-06T00:40:04.0327348Z Complete job name: build-linux-gcc
2026-10-06T00:40:04.0762866Z ##[group]Run actions/checkout@v4
2026-10-06T00:40:04.0763295Z with:
2026-10-06T00:40:04.0763554Z   repository: Aneesh495/lockstep
2026-10-06T00:40:04.0765740Z   token: ***
2026-10-06T00:40:04.0765985Z   ssh-strict: true
2026-10-06T00:40:04.0766237Z   ssh-user: git
2026-10-06T00:40:04.0766495Z   persist-credentials: true
2026-10-06T00:40:04.0766780Z   clean: true
2026-10-06T00:40:04.0767039Z   sparse-checkout-cone-mode: true
2026-10-06T00:40:04.0767334Z   fetch-depth: 1
2026-10-06T00:40:04.0767584Z   fetch-tags: false
2026-10-06T00:40:04.0767841Z   show-progress: true
2026-10-06T00:40:04.0768096Z   lfs: false
2026-10-06T00:40:04.0768337Z   submodules: false
2026-10-06T00:40:04.0768608Z   set-safe-directory: true
2026-10-06T00:40:04.0768893Z   allow-unsafe-pr-checkout: false
2026-10-06T00:40:04.0769252Z ##[endgroup]
2026-10-06T00:40:04.1368569Z Syncing repository: Aneesh495/lockstep
2026-10-06T00:40:04.1370150Z ##[group]Getting Git version info
2026-10-06T00:40:04.1370866Z Working directory is '/home/runner/work/lockstep/lockstep'
2026-10-06T00:40:04.1371792Z [command]/usr/bin/git version
2026-10-06T00:40:04.1456082Z git version 2.55.0
2026-10-06T00:40:04.1469502Z ##[endgroup]
2026-10-06T00:40:04.1483504Z Temporarily overriding HOME='/home/runner/work/_temp/cf9c8dc4-4977-400b-85c3-7bb5b6099327' before making global git config changes
2026-10-06T00:40:04.1484824Z Adding repository directory to the temporary git global config as a safe directory
2026-10-06T00:40:04.1499544Z [command]/usr/bin/git config --global --add safe.directory /home/runner/work/lockstep/lockstep
2026-10-06T00:40:04.1532866Z Deleting the contents of '/home/runner/work/lockstep/lockstep'
2026-10-06T00:40:04.1536676Z ##[group]Initializing the repository
2026-10-06T00:40:04.1540536Z [command]/usr/bin/git init /home/runner/work/lockstep/lockstep
2026-10-06T00:40:04.1648076Z hint: Using 'master' as the name for the initial branch. This default branch name
2026-10-06T00:40:04.1649271Z hint: will change to "main" in Git 3.0. To configure the initial branch name
2026-10-06T00:40:04.1650490Z hint: to use in all of your new repositories, which will suppress this warning,
2026-10-06T00:40:04.1652152Z hint: call:
2026-10-06T00:40:04.1652718Z hint:
2026-10-06T00:40:04.1653372Z hint: 	git config --global init.defaultBranch <name>
2026-10-06T00:40:04.1654136Z hint:
2026-10-06T00:40:04.1654839Z hint: Names commonly chosen instead of 'master' are 'main', 'trunk' and
2026-10-06T00:40:04.1655921Z hint: 'development'. The just-created branch can be renamed via this command:
2026-10-06T00:40:04.1656851Z hint:
2026-10-06T00:40:04.1657429Z hint: 	git branch -m <name>
2026-10-06T00:40:04.1658069Z hint:
2026-10-06T00:40:04.1658857Z hint: Disable this message with "git config set advice.defaultBranchName false"
2026-10-06T00:40:04.1660193Z Initialized empty Git repository in /home/runner/work/lockstep/lockstep/.git/
2026-10-06T00:40:04.1662311Z [command]/usr/bin/git remote add origin https://github.com/Aneesh495/lockstep
2026-10-06T00:40:04.1731837Z ##[endgroup]
2026-10-06T00:40:04.1732542Z ##[group]Disabling automatic garbage collection
2026-10-06T00:40:04.1734401Z [command]/usr/bin/git config --local gc.auto 0
2026-10-06T00:40:04.1832686Z ##[endgroup]
2026-10-06T00:40:04.1833366Z ##[group]Setting up auth
2026-10-06T00:40:04.1838025Z [command]/usr/bin/git config --local --name-only --get-regexp core\.sshCommand
2026-10-06T00:40:04.1865981Z [command]/usr/bin/git submodule foreach --recursive sh -c "git config --local --name-only --get-regexp 'core\.sshCommand' && git config --local --unset-all 'core.sshCommand' || :"
2026-10-06T00:40:04.2223999Z [command]/usr/bin/git config --local --name-only --get-regexp http\.https\:\/\/github\.com\/\.extraheader
2026-10-06T00:40:04.2251293Z [command]/usr/bin/git submodule foreach --recursive sh -c "git config --local --name-only --get-regexp 'http\.https\:\/\/github\.com\/\.extraheader' && git config --local --unset-all 'http.https://github.com/.extraheader' || :"
2026-10-06T00:40:04.2415195Z [command]/usr/bin/git config --local --name-only --get-regexp ^includeIf\.gitdir:
2026-10-06T00:40:04.2441837Z [command]/usr/bin/git submodule foreach --recursive git config --local --show-origin --name-only --get-regexp remote.origin.url
2026-10-06T00:40:04.2605318Z [command]/usr/bin/git config --local http.https://github.com/.extraheader AUTHORIZATION: basic ***
2026-10-06T00:40:04.2636878Z ##[endgroup]
2026-10-06T00:40:04.2637555Z ##[group]Fetching the repository
2026-10-06T00:40:04.2643952Z [command]/usr/bin/git -c protocol.version=2 fetch --no-tags --prune --no-recurse-submodules --depth=1 origin +72587a325a6b1c2a43004321ca5f147b5980686a:refs/remotes/origin/main
2026-10-06T00:40:04.8999743Z From https://github.com/Aneesh495/lockstep
2026-10-06T00:40:04.9001764Z  * [new ref]         72587a325a6b1c2a43004321ca5f147b5980686a -> origin/main
2026-10-06T00:40:04.9005068Z ##[endgroup]
2026-10-06T00:40:04.9006016Z ##[group]Determining the checkout info
2026-10-06T00:40:04.9007040Z ##[endgroup]
2026-10-06T00:40:04.9009363Z [command]/usr/bin/git sparse-checkout disable
2026-10-06T00:40:04.9232219Z [command]/usr/bin/git config --local --unset-all extensions.worktreeConfig
2026-10-06T00:40:04.9335807Z ##[group]Checking out the ref
2026-10-06T00:40:04.9338300Z [command]/usr/bin/git checkout --progress --force -B main refs/remotes/origin/main
2026-10-06T00:40:04.9531425Z Switched to a new branch 'main'
2026-10-06T00:40:04.9536410Z branch 'main' set up to track 'origin/main'.
2026-10-06T00:40:04.9541733Z ##[endgroup]
2026-10-06T00:40:04.9571846Z [command]/usr/bin/git log -1 --format=%H
2026-10-06T00:40:04.9592299Z 72587a325a6b1c2a43004321ca5f147b5980686a
2026-10-06T00:40:04.9821615Z ##[group]Run uname -a
2026-10-06T00:40:04.9822314Z [36;1muname -a[0m
2026-10-06T00:40:04.9822930Z [36;1mg++ --version[0m
2026-10-06T00:40:04.9824150Z [36;1mif [ 'build-linux-gcc' = build-macos-arm64 ]; then test "$(uname -m)" = arm64; fi[0m
2026-10-06T00:40:05.0231439Z shell: /usr/bin/bash -e {0}
2026-10-06T00:40:05.0232384Z ##[endgroup]
2026-10-06T00:40:05.0955125Z Linux runnervm8df0l 6.17.0-1022-azure #22-Ubuntu SMP Mon Jul 27 17:24:03 UTC 2026 x86_64 x86_64 x86_64 GNU/Linux
2026-10-06T00:40:05.1523672Z g++ (Ubuntu 13.3.0-6ubuntu2~24.04.1) 13.3.0
2026-10-06T00:40:05.1524905Z Copyright (C) 2023 Free Software Foundation, Inc.
2026-10-06T00:40:05.1526626Z This is free software; see the source for copying conditions.  There is NO
2026-10-06T00:40:05.1528527Z warranty; not even for MERCHANTABILITY or FITNESS FOR A PARTICULAR PURPOSE.
2026-10-06T00:40:05.1529663Z 
2026-10-06T00:40:05.1578545Z ##[group]Run set -euo pipefail
2026-10-06T00:40:05.1579216Z [36;1mset -euo pipefail[0m
2026-10-06T00:40:05.1579982Z [36;1mmkdir -p artifacts/ci[0m
2026-10-06T00:40:05.1581027Z [36;1mmake test CMAKE_FLAGS='-DCMAKE_CXX_COMPILER=g++' 2>&1 | tee artifacts/ci/test.log[0m
2026-10-06T00:40:05.1582498Z [36;1mpython3 tools/check_headers.py --compiler 'g++' 2>&1 | tee artifacts/ci/headers.log[0m
2026-10-06T00:40:05.1583711Z [36;1mmake demo 2>&1 | tee artifacts/ci/demo.log[0m
2026-10-06T00:40:05.1629681Z shell: /usr/bin/bash --noprofile --norc -e -o pipefail {0}
2026-10-06T00:40:05.1630581Z ##[endgroup]
2026-10-06T00:40:05.2195659Z === Configuring Lockstep ===
2026-10-06T00:40:05.2197507Z cmake -S . -B build -G "Ninja" -DCMAKE_BUILD_TYPE=Release -DCMAKE_CXX_COMPILER=g++
2026-10-06T00:40:06.3228591Z -- The CXX compiler identification is GNU 13.3.0
2026-10-06T00:40:06.4368871Z -- Detecting CXX compiler ABI info
2026-10-06T00:40:06.5953099Z -- Detecting CXX compiler ABI info - done
2026-10-06T00:40:06.6053586Z -- Check for working CXX compiler: /usr/bin/g++ - skipped
2026-10-06T00:40:06.6088507Z -- Detecting CXX compile features
2026-10-06T00:40:06.6128859Z -- Detecting CXX compile features - done
2026-10-06T00:40:06.6538982Z -- Performing Test HAVE_MARCH_NATIVE
2026-10-06T00:40:06.7174627Z -- Performing Test HAVE_MARCH_NATIVE - Success
2026-10-06T00:40:06.7185643Z -- 
2026-10-06T00:40:06.7185816Z -- Lockstep Configuration Summary
2026-10-06T00:40:06.7186041Z -- ================================
2026-10-06T00:40:06.7186226Z -- Build type: Release
2026-10-06T00:40:06.7186456Z -- C++ Standard: 20
2026-10-06T00:40:06.7186632Z -- Compiler: GNU 13.3.0
2026-10-06T00:40:06.7186780Z -- System: Linux x86_64
2026-10-06T00:40:06.7186901Z -- Native CPU flag: -march=native
2026-10-06T00:40:06.7187037Z -- Build tests: ON
2026-10-06T00:40:06.7187148Z -- Build benchmarks: ON
2026-10-06T00:40:06.7187261Z -- Build apps: ON
2026-10-06T00:40:06.7187380Z -- Enable sanitizers: OFF
2026-10-06T00:40:06.7187509Z -- Enable TSan: OFF
2026-10-06T00:40:06.7187616Z -- Enable native: OFF
2026-10-06T00:40:06.7187721Z -- 
2026-10-06T00:40:06.7187821Z -- Configuring done (1.0s)
2026-10-06T00:40:06.7314040Z -- Generating done (0.0s)
2026-10-06T00:40:06.7324239Z -- Build files have been written to: /home/runner/work/lockstep/lockstep/build
2026-10-06T00:40:06.7396765Z === Building Lockstep ===
2026-10-06T00:40:06.7398389Z cmake --build build --parallel
2026-10-06T00:40:06.9571598Z [1/62] Building CXX object CMakeFiles/lockstep_core.dir/src/common/virtual_clock.cpp.o
2026-10-06T00:40:06.9572697Z [2/62] Building CXX object CMakeFiles/lockstep_core.dir/src/common/crc32c.cpp.o
2026-10-06T00:40:07.0454510Z [3/62] Building CXX object CMakeFiles/lockstep_core.dir/src/protocol/codec.cpp.o
2026-10-06T00:40:07.3440975Z [4/62] Building CXX object CMakeFiles/lockstep_core.dir/src/common/stable_digest.cpp.o
2026-10-06T00:40:07.6914936Z [5/62] Building CXX object CMakeFiles/lockstep_core.dir/src/risk/risk_engine.cpp.o
2026-10-06T00:40:08.1031137Z [6/62] Building CXX object CMakeFiles/lockstep_core.dir/src/engine/reference_book.cpp.o
2026-10-06T00:40:08.3630907Z [7/62] Building CXX object CMakeFiles/lockstep_core.dir/src/engine/order_book.cpp.o
2026-10-06T00:40:08.6450910Z [8/62] Building CXX object CMakeFiles/lockstep_core.dir/src/persistence/wal.cpp.o
2026-10-06T00:40:09.2666503Z [9/62] Building CXX object CMakeFiles/lockstep_core.dir/src/engine/matching_engine.cpp.o
2026-10-06T00:40:09.4991087Z [10/62] Building CXX object CMakeFiles/lockstep_core.dir/src/network/tcp_gateway.cpp.o
2026-10-06T00:40:09.5170678Z [11/62] Building CXX object CMakeFiles/lockstep_core.dir/src/persistence/recovery.cpp.o
2026-10-06T00:40:09.7471350Z [12/62] Building CXX object CMakeFiles/lockstep_core.dir/src/network/snapshot_client.cpp.o
2026-10-06T00:40:09.8881008Z [13/62] Building CXX object CMakeFiles/lockstep_core.dir/src/network/feed_arbiter.cpp.o
2026-10-06T00:40:09.8981083Z [14/62] Building CXX object CMakeFiles/lockstep_core.dir/src/metrics/allocation_counter.cpp.o
2026-10-06T00:40:10.0334076Z [15/62] Building CXX object CMakeFiles/lockstep_core.dir/src/metrics/histogram.cpp.o
2026-10-06T00:40:10.0630886Z [16/62] Building CXX object CMakeFiles/lockstep_core.dir/src/network/udp_publisher.cpp.o
2026-10-06T00:40:10.6431204Z [17/62] Building CXX object CMakeFiles/lockstep_core.dir/src/persistence/snapshot.cpp.o
2026-10-06T00:40:10.6834622Z [18/62] Building CXX object CMakeFiles/lockstep_client.dir/apps/lockstep_client.cpp.o
2026-10-06T00:40:10.7191080Z [19/62] Building CXX object CMakeFiles/lockstep_core.dir/src/fault/fault_proxy.cpp.o
2026-10-06T00:40:10.7660743Z [20/62] Building CXX object CMakeFiles/lockstep_tests.dir/tests/test_runners.cpp.o
2026-10-06T00:40:11.2031290Z [21/62] Building CXX object CMakeFiles/lockstep_tests.dir/tests/unit/test_endian.cpp.o
2026-10-06T00:40:11.3871918Z [22/62] Building CXX object CMakeFiles/lockstep_replay.dir/apps/lockstep_replay.cpp.o
2026-10-06T00:40:11.4646396Z [23/62] Building CXX object CMakeFiles/lockstep_core.dir/src/metrics/system_info.cpp.o
2026-10-06T00:40:11.5740913Z [24/62] Building CXX object CMakeFiles/lockstep_tests.dir/tests/test_main.cpp.o
2026-10-06T00:40:11.7436360Z [25/62] Building CXX object CMakeFiles/lockstep_demo.dir/apps/lockstep_demo.cpp.o
2026-10-06T00:40:11.7924297Z [26/62] Building CXX object CMakeFiles/lockstep_tests.dir/tests/unit/test_crc32c.cpp.o
2026-10-06T00:40:11.8884921Z [27/62] Building CXX object CMakeFiles/lockstep_tests.dir/tests/unit/test_checked_math.cpp.o
2026-10-06T00:40:11.9941180Z [28/62] Building CXX object CMakeFiles/lockstep_exchange.dir/apps/lockstep_exchange.cpp.o
2026-10-06T00:40:12.1470902Z [29/62] Building CXX object CMakeFiles/lockstep_tests.dir/tests/unit/test_object_pool.cpp.o
2026-10-06T00:40:12.1853203Z [30/62] Building CXX object CMakeFiles/lockstep_tests.dir/tests/unit/test_robin_hood_map.cpp.o
2026-10-06T00:40:12.2950806Z [31/62] Linking CXX static library liblockstep_core.a
2026-10-06T00:40:12.5611419Z [32/62] Building CXX object CMakeFiles/lockstep_tests.dir/tests/unit/test_spsc_ring.cpp.o
2026-10-06T00:40:12.5660924Z [33/62] Building CXX object CMakeFiles/lockstep_tests.dir/tests/unit/test_order_book.cpp.o
2026-10-06T00:40:12.6198022Z [34/62] Building CXX object CMakeFiles/lockstep_tests.dir/tests/unit/test_risk_engine.cpp.o
2026-10-06T00:40:12.7311104Z [35/62] Building CXX object CMakeFiles/lockstep_tests.dir/tests/unit/test_order_book_detail.cpp.o
2026-10-06T00:40:12.9431180Z [36/62] Building CXX object CMakeFiles/lockstep_tests.dir/tests/unit/test_matching_engine.cpp.o
2026-10-06T00:40:13.0901049Z [37/62] Building CXX object CMakeFiles/lockstep_tests.dir/tests/unit/test_codec.cpp.o
2026-10-06T00:40:13.8210957Z [38/62] Building CXX object CMakeFiles/lockstep_tests.dir/tests/unit/test_wal.cpp.o
2026-10-06T00:40:13.9530860Z [39/62] Building CXX object CMakeFiles/lockstep_tests.dir/tests/unit/test_snapshot.cpp.o
2026-10-06T00:40:14.4131000Z [40/62] Building CXX object CMakeFiles/lockstep_tests.dir/tests/golden/test_golden.cpp.o
2026-10-06T00:40:14.5691051Z [41/62] Building CXX object CMakeFiles/lockstep_bench.dir/bench/allocation_probe.cpp.o
2026-10-06T00:40:14.7021100Z [42/62] Building CXX object CMakeFiles/lockstep_tests.dir/tests/recovery/test_recovery.cpp.o
2026-10-06T00:40:14.8180880Z [43/62] Building CXX object CMakeFiles/lockstep_tests.dir/tests/integration/test_network.cpp.o
2026-10-06T00:40:14.8190558Z FAILED: [code=1] CMakeFiles/lockstep_tests.dir/tests/integration/test_network.cpp.o 
2026-10-06T00:40:14.8222450Z /usr/bin/g++  -I/home/runner/work/lockstep/lockstep/include -O3 -DNDEBUG -std=c++20 -Wall -Wextra -Wpedantic -Werror -Wshadow -Wconversion -Wsign-conversion -Wdouble-promotion -Wformat=2 -Wuninitialized -Wold-style-cast -Wnull-dereference -Woverloaded-virtual -Wnon-virtual-dtor -Wcast-align -Wunused -Wmissing-include-dirs -Wno-unused-parameter -UNDEBUG -MD -MT CMakeFiles/lockstep_tests.dir/tests/integration/test_network.cpp.o -MF CMakeFiles/lockstep_tests.dir/tests/integration/test_network.cpp.o.d -o CMakeFiles/lockstep_tests.dir/tests/integration/test_network.cpp.o -c /home/runner/work/lockstep/lockstep/tests/integration/test_network.cpp
2026-10-06T00:40:14.8225408Z /home/runner/work/lockstep/lockstep/tests/integration/test_network.cpp: In function ‘void testTcpFrameCoalescing()’:
2026-10-06T00:40:14.8227016Z /home/runner/work/lockstep/lockstep/tests/integration/test_network.cpp:39:48: error: conversion to ‘long long unsigned int’ from ‘uint64_t’ {aka ‘long unsigned int’} may change the sign of the result [-Werror=sign-conversion]
2026-10-06T00:40:14.8227856Z    39 |         header.setSendTimestampNs(1000000ULL + static_cast<uint64_t>(i));
2026-10-06T00:40:14.8228220Z       |                                                ^~~~~~~~~~~~~~~~~~~~~~~~
2026-10-06T00:40:14.8228500Z cc1plus: all warnings being treated as errors
2026-10-06T00:40:14.9701079Z [44/62] Building CXX object CMakeFiles/lockstep_tests.dir/tests/network/test_udp.cpp.o
2026-10-06T00:40:15.9071103Z [45/62] Building CXX object CMakeFiles/lockstep_tests.dir/tests/property/test_differential.cpp.o
2026-10-06T00:40:16.1321893Z [46/62] Building CXX object CMakeFiles/lockstep_bench.dir/bench/lockstep_bench.cpp.o
2026-10-06T00:40:16.7338955Z [47/62] Building CXX object CMakeFiles/lockstep_fault_stress.dir/bench/lockstep_fault_stress.cpp.o
2026-10-06T00:40:17.3581390Z [48/62] Building CXX object CMakeFiles/lockstep_crash_matrix.dir/bench/lockstep_crash_matrix.cpp.o
2026-10-06T00:40:17.3581692Z ninja: build stopped: subcommand failed.
2026-10-06T00:40:17.3590608Z make: *** [Makefile:35: build] Error 1
2026-10-06T00:40:17.3605241Z ##[error]Process completed with exit code 2.
2026-10-06T00:40:17.3654469Z ##[group]Run actions/upload-artifact@v4
2026-10-06T00:40:17.3654618Z with:
2026-10-06T00:40:17.3654732Z   name: build-linux-gcc-logs
2026-10-06T00:40:17.3654905Z   path: artifacts/ci
build/Testing
build/compile_commands.json

2026-10-06T00:40:17.3655090Z   if-no-files-found: warn
2026-10-06T00:40:17.3655212Z   compression-level: 6
2026-10-06T00:40:17.3655325Z   overwrite: false
2026-10-06T00:40:17.3655442Z   include-hidden-files: false
2026-10-06T00:40:17.3655570Z ##[endgroup]
2026-10-06T00:40:17.4618613Z (node:2335) [DEP0040] DeprecationWarning: The `punycode` module is deprecated. Please use a userland alternative instead.
2026-10-06T00:40:17.4619100Z (Use `node --trace-deprecation ...` to show where the warning was created)
2026-10-06T00:40:17.4664052Z Multiple search paths detected. Calculating the least common ancestor of all paths
2026-10-06T00:40:17.4669585Z The least common ancestor is /home/runner/work/lockstep/lockstep. This will be the root directory of the artifact
2026-10-06T00:40:17.4671180Z With the provided path, there will be 2 files uploaded
2026-10-06T00:40:17.4671709Z Artifact name is valid!
2026-10-06T00:40:17.4671924Z Root directory input is valid!
2026-10-06T00:40:17.7953639Z Beginning upload of artifact content to blob storage
2026-10-06T00:40:17.8073735Z (node:2335) [DEP0169] DeprecationWarning: `url.parse()` behavior is not standardized and prone to errors that have security implications. Use the WHATWG URL API instead. CVEs are not issued for `url.parse()` vulnerabilities.
2026-10-06T00:40:18.0437736Z Uploaded bytes 3520
2026-10-06T00:40:18.1076240Z Finished uploading artifact content to blob storage!
2026-10-06T00:40:18.1076724Z SHA256 digest of uploaded artifact zip is cc582ec84f1a5d37e6125d95dc3839594321fc72ddd72ba4fa7539b46f06dbfc
2026-10-06T00:40:18.1078137Z Finalizing artifact upload
2026-10-06T00:40:18.3804631Z Artifact build-linux-gcc-logs.zip successfully finalized. Artifact ID 11383086803
2026-10-06T00:40:18.3805241Z Artifact build-linux-gcc-logs has been successfully uploaded! Final size is 3520 bytes. Artifact ID is 11383086803
2026-10-06T00:40:18.3809469Z Artifact download URL: https://github.com/Aneesh495/lockstep/actions/runs/37395185563/artifacts/11383086803
2026-10-06T00:40:18.3966890Z Post job cleanup.
2026-10-06T00:40:18.4498888Z [command]/usr/bin/git version
2026-10-06T00:40:18.4527979Z git version 2.55.0
2026-10-06T00:40:18.4550017Z Temporarily overriding HOME='/home/runner/work/_temp/4e68d911-35ef-41d9-a15c-dd3d629048db' before making global git config changes
2026-10-06T00:40:18.4550678Z Adding repository directory to the temporary git global config as a safe directory
2026-10-06T00:40:18.4559434Z [command]/usr/bin/git config --global --add safe.directory /home/runner/work/lockstep/lockstep
2026-10-06T00:40:18.4583186Z [command]/usr/bin/git config --local --name-only --get-regexp core\.sshCommand
2026-10-06T00:40:18.4607176Z [command]/usr/bin/git submodule foreach --recursive sh -c "git config --local --name-only --get-regexp 'core\.sshCommand' && git config --local --unset-all 'core.sshCommand' || :"
2026-10-06T00:40:18.4794084Z [command]/usr/bin/git config --local --name-only --get-regexp http\.https\:\/\/github\.com\/\.extraheader
2026-10-06T00:40:18.4825556Z http.https://github.com/.extraheader
2026-10-06T00:40:18.4826588Z [command]/usr/bin/git config --local --unset-all http.https://github.com/.extraheader
2026-10-06T00:40:18.4853529Z [command]/usr/bin/git submodule foreach --recursive sh -c "git config --local --name-only --get-regexp 'http\.https\:\/\/github\.com\/\.extraheader' && git config --local --unset-all 'http.https://github.com/.extraheader' || :"
2026-10-06T00:40:18.5040206Z [command]/usr/bin/git config --local --name-only --get-regexp ^includeIf\.gitdir:
2026-10-06T00:40:18.5060418Z [command]/usr/bin/git submodule foreach --recursive git config --local --show-origin --name-only --get-regexp remote.origin.url
2026-10-06T00:40:18.5325752Z Cleaning up orphan processes
2026-10-06T00:40:18.5505313Z ##[warning]Node.js 20 is deprecated. The following actions target Node.js 20 but are being forced to run on Node.js 24: actions/checkout@v4, actions/upload-artifact@v4. For more information see: https://github.blog/changelog/2025-09-19-deprecation-of-node-20-on-github-actions-runners/
