2026-10-05T20:20:07.6422797Z Current runner version: '2.337.0'
2026-10-05T20:20:07.6458016Z ##[group]Runner Image Provisioner
2026-10-05T20:20:07.6459488Z Hosted Compute Agent
2026-10-05T20:20:07.6460423Z Version: 20260901.588
2026-10-05T20:20:07.6461563Z Commit: f88ec8081b781fac6c440065ac7ff9e710ce3d0b
2026-10-05T20:20:07.6462843Z Build Date: 2026-09-01T19:56:44Z
2026-10-05T20:20:07.6464002Z Worker ID: {e08dd28b-1a20-43cc-ad25-0d4eb9652562}
2026-10-05T20:20:07.6465368Z Azure Region: eastus
2026-10-05T20:20:07.6466339Z ##[endgroup]
2026-10-05T20:20:07.6469195Z ##[group]Operating System
2026-10-05T20:20:07.6470322Z Ubuntu
2026-10-05T20:20:07.6471179Z 24.04.5
2026-10-05T20:20:07.6472129Z LTS
2026-10-05T20:20:07.6472963Z ##[endgroup]
2026-10-05T20:20:07.6474529Z ##[group]Runner Image
2026-10-05T20:20:07.6475507Z Image: ubuntu-24.04
2026-10-05T20:20:07.6476648Z Version: 20260927.320.1
2026-10-05T20:20:07.6479239Z Included Software: https://github.com/actions/runner-images/blob/ubuntu24/20260927.320/images/ubuntu/Ubuntu2404-Readme.md
2026-10-05T20:20:07.6482069Z Image Release: https://github.com/actions/runner-images/releases/tag/ubuntu24%2F20260927.320
2026-10-05T20:20:07.6483767Z ##[endgroup]
2026-10-05T20:20:07.6485715Z ##[group]GITHUB_TOKEN Permissions
2026-10-05T20:20:07.6488800Z Contents: read
2026-10-05T20:20:07.6489868Z Metadata: read
2026-10-05T20:20:07.6490818Z ##[endgroup]
2026-10-05T20:20:07.6493990Z Secret source: Actions
2026-10-05T20:20:07.6495510Z Cache mode: write
2026-10-05T20:20:07.6496976Z Prepare workflow directory
2026-10-05T20:20:07.6986292Z Prepare all required actions
2026-10-05T20:20:07.7059910Z Getting action download info
2026-10-05T20:20:07.9423299Z Download action repository 'actions/checkout@v4' (SHA:11d5960a326750d5838078e36cf38b85af677262)
2026-10-05T20:20:08.0499546Z Download action repository 'actions/upload-artifact@v4' (SHA:ea165f8d65b6e75b540449e92b4886f43607fa02)
2026-10-05T20:20:08.2708924Z Complete job name: build-linux-gcc
2026-10-05T20:20:08.3532808Z ##[group]Run actions/checkout@v4
2026-10-05T20:20:08.3533737Z with:
2026-10-05T20:20:08.3534195Z   repository: Aneesh495/lockstep
2026-10-05T20:20:08.3538592Z   token: ***
2026-10-05T20:20:08.3539039Z   ssh-strict: true
2026-10-05T20:20:08.3539489Z   ssh-user: git
2026-10-05T20:20:08.3539939Z   persist-credentials: true
2026-10-05T20:20:08.3540446Z   clean: true
2026-10-05T20:20:08.3540893Z   sparse-checkout-cone-mode: true
2026-10-05T20:20:08.3541424Z   fetch-depth: 1
2026-10-05T20:20:08.3541859Z   fetch-tags: false
2026-10-05T20:20:08.3542319Z   show-progress: true
2026-10-05T20:20:08.3542774Z   lfs: false
2026-10-05T20:20:08.3543188Z   submodules: false
2026-10-05T20:20:08.3543645Z   set-safe-directory: true
2026-10-05T20:20:08.3544180Z   allow-unsafe-pr-checkout: false
2026-10-05T20:20:08.3544990Z ##[endgroup]
2026-10-05T20:20:08.4610044Z Syncing repository: Aneesh495/lockstep
2026-10-05T20:20:08.4612754Z ##[group]Getting Git version info
2026-10-05T20:20:08.4614076Z Working directory is '/home/runner/work/lockstep/lockstep'
2026-10-05T20:20:08.4615714Z [command]/usr/bin/git version
2026-10-05T20:20:08.4686991Z git version 2.55.0
2026-10-05T20:20:08.4718700Z ##[endgroup]
2026-10-05T20:20:08.4726123Z Temporarily overriding HOME='/home/runner/work/_temp/600b6b76-59fc-4888-bece-7c61f73d3980' before making global git config changes
2026-10-05T20:20:08.4728631Z Adding repository directory to the temporary git global config as a safe directory
2026-10-05T20:20:08.4732063Z [command]/usr/bin/git config --global --add safe.directory /home/runner/work/lockstep/lockstep
2026-10-05T20:20:08.4787987Z Deleting the contents of '/home/runner/work/lockstep/lockstep'
2026-10-05T20:20:08.4798411Z ##[group]Initializing the repository
2026-10-05T20:20:08.4799703Z [command]/usr/bin/git init /home/runner/work/lockstep/lockstep
2026-10-05T20:20:08.4928149Z hint: Using 'master' as the name for the initial branch. This default branch name
2026-10-05T20:20:08.4930089Z hint: will change to "main" in Git 3.0. To configure the initial branch name
2026-10-05T20:20:08.4931638Z hint: to use in all of your new repositories, which will suppress this warning,
2026-10-05T20:20:08.4933277Z hint: call:
2026-10-05T20:20:08.4933924Z hint:
2026-10-05T20:20:08.4934729Z hint: 	git config --global init.defaultBranch <name>
2026-10-05T20:20:08.4935704Z hint:
2026-10-05T20:20:08.4936621Z hint: Names commonly chosen instead of 'master' are 'main', 'trunk' and
2026-10-05T20:20:08.4938580Z hint: 'development'. The just-created branch can be renamed via this command:
2026-10-05T20:20:08.4939904Z hint:
2026-10-05T20:20:08.4940563Z hint: 	git branch -m <name>
2026-10-05T20:20:08.4941311Z hint:
2026-10-05T20:20:08.4942370Z hint: Disable this message with "git config set advice.defaultBranchName false"
2026-10-05T20:20:08.4944097Z Initialized empty Git repository in /home/runner/work/lockstep/lockstep/.git/
2026-10-05T20:20:08.4946880Z [command]/usr/bin/git remote add origin https://github.com/Aneesh495/lockstep
2026-10-05T20:20:08.5036464Z ##[endgroup]
2026-10-05T20:20:08.5038070Z ##[group]Disabling automatic garbage collection
2026-10-05T20:20:08.5041446Z [command]/usr/bin/git config --local gc.auto 0
2026-10-05T20:20:08.5086167Z ##[endgroup]
2026-10-05T20:20:08.5087146Z ##[group]Setting up auth
2026-10-05T20:20:08.5096109Z [command]/usr/bin/git config --local --name-only --get-regexp core\.sshCommand
2026-10-05T20:20:08.5144590Z [command]/usr/bin/git submodule foreach --recursive sh -c "git config --local --name-only --get-regexp 'core\.sshCommand' && git config --local --unset-all 'core.sshCommand' || :"
2026-10-05T20:20:08.5538704Z [command]/usr/bin/git config --local --name-only --get-regexp http\.https\:\/\/github\.com\/\.extraheader
2026-10-05T20:20:08.5594469Z [command]/usr/bin/git submodule foreach --recursive sh -c "git config --local --name-only --get-regexp 'http\.https\:\/\/github\.com\/\.extraheader' && git config --local --unset-all 'http.https://github.com/.extraheader' || :"
2026-10-05T20:20:08.5843393Z [command]/usr/bin/git config --local --name-only --get-regexp ^includeIf\.gitdir:
2026-10-05T20:20:08.5883142Z [command]/usr/bin/git submodule foreach --recursive git config --local --show-origin --name-only --get-regexp remote.origin.url
2026-10-05T20:20:08.6137013Z [command]/usr/bin/git config --local http.https://github.com/.extraheader AUTHORIZATION: basic ***
2026-10-05T20:20:08.6184010Z ##[endgroup]
2026-10-05T20:20:08.6184935Z ##[group]Fetching the repository
2026-10-05T20:20:08.6199771Z [command]/usr/bin/git -c protocol.version=2 fetch --no-tags --prune --no-recurse-submodules --depth=1 origin +4362083022a5f75f52ad0923d17ae6e1a08cb683:refs/remotes/origin/main
2026-10-05T20:20:08.8730302Z From https://github.com/Aneesh495/lockstep
2026-10-05T20:20:08.8732478Z  * [new ref]         4362083022a5f75f52ad0923d17ae6e1a08cb683 -> origin/main
2026-10-05T20:20:08.8736505Z ##[endgroup]
2026-10-05T20:20:08.8738353Z ##[group]Determining the checkout info
2026-10-05T20:20:08.8739983Z ##[endgroup]
2026-10-05T20:20:08.8741001Z [command]/usr/bin/git sparse-checkout disable
2026-10-05T20:20:08.8801003Z [command]/usr/bin/git config --local --unset-all extensions.worktreeConfig
2026-10-05T20:20:08.8842441Z ##[group]Checking out the ref
2026-10-05T20:20:08.8848822Z [command]/usr/bin/git checkout --progress --force -B main refs/remotes/origin/main
2026-10-05T20:20:08.8991155Z Switched to a new branch 'main'
2026-10-05T20:20:08.8996302Z branch 'main' set up to track 'origin/main'.
2026-10-05T20:20:08.9002791Z ##[endgroup]
2026-10-05T20:20:08.9049007Z [command]/usr/bin/git log -1 --format=%H
2026-10-05T20:20:08.9078027Z 4362083022a5f75f52ad0923d17ae6e1a08cb683
2026-10-05T20:20:08.9386288Z ##[group]Run uname -a
2026-10-05T20:20:08.9387155Z [36;1muname -a[0m
2026-10-05T20:20:08.9388153Z [36;1mg++ --version[0m
2026-10-05T20:20:08.9389420Z [36;1mif [ 'build-linux-gcc' = build-macos-arm64 ]; then test "$(uname -m)" = arm64; fi[0m
2026-10-05T20:20:08.9656379Z shell: /usr/bin/bash -e {0}
2026-10-05T20:20:08.9657333Z ##[endgroup]
2026-10-05T20:20:08.9794482Z Linux runnervm8df0l 6.17.0-1022-azure #22-Ubuntu SMP Mon Jul 27 17:24:03 UTC 2026 x86_64 x86_64 x86_64 GNU/Linux
2026-10-05T20:20:09.2082289Z g++ (Ubuntu 13.3.0-6ubuntu2~24.04.1) 13.3.0
2026-10-05T20:20:09.2084507Z Copyright (C) 2023 Free Software Foundation, Inc.
2026-10-05T20:20:09.2087374Z This is free software; see the source for copying conditions.  There is NO
2026-10-05T20:20:09.2090334Z warranty; not even for MERCHANTABILITY or FITNESS FOR A PARTICULAR PURPOSE.
2026-10-05T20:20:09.2091786Z 
2026-10-05T20:20:09.2172141Z ##[group]Run set -euo pipefail
2026-10-05T20:20:09.2173586Z [36;1mset -euo pipefail[0m
2026-10-05T20:20:09.2174885Z [36;1mmkdir -p artifacts/ci[0m
2026-10-05T20:20:09.2176768Z [36;1mmake test CMAKE_FLAGS='-DCMAKE_CXX_COMPILER=g++' 2>&1 | tee artifacts/ci/test.log[0m
2026-10-05T20:20:09.2179762Z [36;1mpython3 tools/check_headers.py --compiler 'g++' 2>&1 | tee artifacts/ci/headers.log[0m
2026-10-05T20:20:09.2181873Z [36;1mmake demo 2>&1 | tee artifacts/ci/demo.log[0m
2026-10-05T20:20:09.2251359Z shell: /usr/bin/bash --noprofile --norc -e -o pipefail {0}
2026-10-05T20:20:09.2252937Z ##[endgroup]
2026-10-05T20:20:09.3238442Z === Configuring Lockstep ===
2026-10-05T20:20:09.3241590Z cmake -S . -B build -G "Ninja" -DCMAKE_BUILD_TYPE=Release -DCMAKE_CXX_COMPILER=g++
2026-10-05T20:20:16.7283324Z -- The CXX compiler identification is GNU 13.3.0
2026-10-05T20:20:17.1625651Z -- Detecting CXX compiler ABI info
2026-10-05T20:20:17.8574350Z -- Detecting CXX compiler ABI info - done
2026-10-05T20:20:17.8747956Z -- Check for working CXX compiler: /usr/bin/g++ - skipped
2026-10-05T20:20:17.9061835Z -- Detecting CXX compile features
2026-10-05T20:20:17.9262564Z -- Detecting CXX compile features - done
2026-10-05T20:20:18.0383160Z -- Performing Test HAVE_MARCH_NATIVE
2026-10-05T20:20:18.1834720Z -- Performing Test HAVE_MARCH_NATIVE - Success
2026-10-05T20:20:18.1862337Z -- 
2026-10-05T20:20:18.1863485Z -- Lockstep Configuration Summary
2026-10-05T20:20:18.1864110Z -- ================================
2026-10-05T20:20:18.1864516Z -- Build type: Release
2026-10-05T20:20:18.1864867Z -- C++ Standard: 20
2026-10-05T20:20:18.1865151Z -- Compiler: GNU 13.3.0
2026-10-05T20:20:18.1865460Z -- System: Linux x86_64
2026-10-05T20:20:18.1865786Z -- Native CPU flag: -march=native
2026-10-05T20:20:18.1866124Z -- Build tests: ON
2026-10-05T20:20:18.1866418Z -- Build benchmarks: ON
2026-10-05T20:20:18.1866711Z -- Build apps: ON
2026-10-05T20:20:18.1866994Z -- Enable sanitizers: OFF
2026-10-05T20:20:18.1867301Z -- Enable TSan: OFF
2026-10-05T20:20:18.1867847Z -- Enable native: OFF
2026-10-05T20:20:18.1868126Z -- 
2026-10-05T20:20:18.1869161Z -- Configuring done (7.1s)
2026-10-05T20:20:18.2242711Z -- Generating done (0.0s)
2026-10-05T20:20:18.2245984Z -- Build files have been written to: /home/runner/work/lockstep/lockstep/build
2026-10-05T20:20:18.2474061Z === Building Lockstep ===
2026-10-05T20:20:18.2474951Z cmake --build build --parallel
2026-10-05T20:20:19.1899331Z [1/62] Building CXX object CMakeFiles/lockstep_core.dir/src/common/virtual_clock.cpp.o
2026-10-05T20:20:19.3186817Z [2/62] Building CXX object CMakeFiles/lockstep_core.dir/src/protocol/codec.cpp.o
2026-10-05T20:20:19.7049078Z [3/62] Building CXX object CMakeFiles/lockstep_core.dir/src/common/crc32c.cpp.o
2026-10-05T20:20:20.4529267Z [4/62] Building CXX object CMakeFiles/lockstep_core.dir/src/common/stable_digest.cpp.o
2026-10-05T20:20:21.0048895Z [5/62] Building CXX object CMakeFiles/lockstep_core.dir/src/risk/risk_engine.cpp.o
2026-10-05T20:20:21.3988168Z [6/62] Building CXX object CMakeFiles/lockstep_core.dir/src/engine/order_book.cpp.o
2026-10-05T20:20:22.1329146Z [7/62] Building CXX object CMakeFiles/lockstep_core.dir/src/engine/reference_book.cpp.o
2026-10-05T20:20:22.3999569Z [8/62] Building CXX object CMakeFiles/lockstep_core.dir/src/engine/matching_engine.cpp.o
2026-10-05T20:20:23.0688893Z [9/62] Building CXX object CMakeFiles/lockstep_core.dir/src/persistence/wal.cpp.o
2026-10-05T20:20:23.5159069Z [10/62] Building CXX object CMakeFiles/lockstep_core.dir/src/network/tcp_gateway.cpp.o
2026-10-05T20:20:23.9759651Z [11/62] Building CXX object CMakeFiles/lockstep_core.dir/src/persistence/recovery.cpp.o
2026-10-05T20:20:24.0129218Z [12/62] Building CXX object CMakeFiles/lockstep_core.dir/src/network/snapshot_client.cpp.o
2026-10-05T20:20:24.2164874Z [13/62] Building CXX object CMakeFiles/lockstep_core.dir/src/metrics/allocation_counter.cpp.o
2026-10-05T20:20:24.6669523Z [14/62] Building CXX object CMakeFiles/lockstep_core.dir/src/metrics/histogram.cpp.o
2026-10-05T20:20:25.0668456Z [15/62] Building CXX object CMakeFiles/lockstep_core.dir/src/network/feed_arbiter.cpp.o
2026-10-05T20:20:25.5168889Z [16/62] Building CXX object CMakeFiles/lockstep_core.dir/src/fault/fault_proxy.cpp.o
2026-10-05T20:20:26.4169084Z [17/62] Building CXX object CMakeFiles/lockstep_client.dir/apps/lockstep_client.cpp.o
2026-10-05T20:20:26.4198391Z FAILED: [code=1] CMakeFiles/lockstep_client.dir/apps/lockstep_client.cpp.o 
2026-10-05T20:20:26.4230662Z /usr/bin/g++  -I/home/runner/work/lockstep/lockstep/include -O3 -DNDEBUG -std=c++20 -Wall -Wextra -Wpedantic -Werror -Wshadow -Wconversion -Wsign-conversion -Wdouble-promotion -Wformat=2 -Wuninitialized -Wold-style-cast -Wnull-dereference -Woverloaded-virtual -Wnon-virtual-dtor -Wcast-align -Wunused -Wmissing-include-dirs -Wno-unused-parameter -MD -MT CMakeFiles/lockstep_client.dir/apps/lockstep_client.cpp.o -MF CMakeFiles/lockstep_client.dir/apps/lockstep_client.cpp.o.d -o CMakeFiles/lockstep_client.dir/apps/lockstep_client.cpp.o -c /home/runner/work/lockstep/lockstep/apps/lockstep_client.cpp
2026-10-05T20:20:26.4249080Z /home/runner/work/lockstep/lockstep/apps/lockstep_client.cpp: In function ‘int main(int, char**)’:
2026-10-05T20:20:26.4294879Z /home/runner/work/lockstep/lockstep/apps/lockstep_client.cpp:55:18: error: ignoring return value of ‘ssize_t write(int, const void*, size_t)’ declared with attribute ‘warn_unused_result’ [-Werror=unused-result]
2026-10-05T20:20:26.4301264Z    55 |             write(sock, buffer, len);
2026-10-05T20:20:26.4301988Z       |             ~~~~~^~~~~~~~~~~~~~~~~~~
2026-10-05T20:20:26.4302745Z In file included from /usr/include/string.h:548,
2026-10-05T20:20:26.4303471Z                  from /usr/include/c++/13/cstring:42,
2026-10-05T20:20:26.4304487Z                  from /home/runner/work/lockstep/lockstep/include/lockstep/common/endian.hpp:5,
2026-10-05T20:20:26.4305731Z                  from /home/runner/work/lockstep/lockstep/include/lockstep/protocol/codec.hpp:8,
2026-10-05T20:20:26.4306910Z                  from /home/runner/work/lockstep/lockstep/apps/lockstep_client.cpp:7:
2026-10-05T20:20:26.4308369Z In function ‘void* memcpy(void*, const void*, size_t)’,
2026-10-05T20:20:26.4314400Z     inlined from ‘bool lockstep::ByteWriter::writeBytes(const void*, std::size_t)’ at /home/runner/work/lockstep/lockstep/include/lockstep/common/endian.hpp:241:20,
2026-10-05T20:20:26.4317287Z     inlined from ‘static std::size_t lockstep::Codec::encodeNewOrder(const lockstep::NewOrderPayload&, uint8_t*, std::size_t)’ at /home/runner/work/lockstep/lockstep/include/lockstep/protocol/codec.hpp:33:26,
2026-10-05T20:20:26.4319911Z     inlined from ‘int main(int, char**)’ at /home/runner/work/lockstep/lockstep/apps/lockstep_client.cpp:53:47:
2026-10-05T20:20:26.4322593Z /usr/include/x86_64-linux-gnu/bits/string_fortified.h:29:33: error: ‘*(short unsigned int*)((char*)&payload + offsetof(lockstep::NewOrderPayload, lockstep::NewOrderPayload::padding[0]))’ may be used uninitialized [-Werror=maybe-uninitialized]
2026-10-05T20:20:26.4324467Z    29 |   return __builtin___memcpy_chk (__dest, __src, __len,
2026-10-05T20:20:26.4325232Z       |          ~~~~~~~~~~~~~~~~~~~~~~~^~~~~~~~~~~~~~~~~~~~~~
2026-10-05T20:20:26.4325971Z    30 |                                  __glibc_objsize0 (__dest));
2026-10-05T20:20:26.4326726Z       |                                  ~~~~~~~~~~~~~~~~~~~~~~~~~~
2026-10-05T20:20:26.4328312Z /home/runner/work/lockstep/lockstep/apps/lockstep_client.cpp: In function ‘int main(int, char**)’:
2026-10-05T20:20:26.4330836Z /home/runner/work/lockstep/lockstep/apps/lockstep_client.cpp:43:29: note: ‘*(short unsigned int*)((char*)&payload + offsetof(lockstep::NewOrderPayload, lockstep::NewOrderPayload::padding[0]))’ was declared here
2026-10-05T20:20:26.4332925Z    43 |             NewOrderPayload payload;
2026-10-05T20:20:26.4333584Z       |                             ^~~~~~~
2026-10-05T20:20:26.4334523Z In function ‘uint64_t lockstep::hostToNetwork64(uint64_t)’,
2026-10-05T20:20:26.4336405Z     inlined from ‘void lockstep::writeBeU64(void*, uint64_t)’ at /home/runner/work/lockstep/lockstep/include/lockstep/common/endian.hpp:109:49,
2026-10-05T20:20:26.4338925Z     inlined from ‘bool lockstep::ByteWriter::writeU64(uint64_t)’ at /home/runner/work/lockstep/lockstep/include/lockstep/common/endian.hpp:225:19,
2026-10-05T20:20:26.4341586Z     inlined from ‘static std::size_t lockstep::Codec::encodeNewOrder(const lockstep::NewOrderPayload&, uint8_t*, std::size_t)’ at /home/runner/work/lockstep/lockstep/include/lockstep/protocol/codec.hpp:36:24,
2026-10-05T20:20:26.4343849Z     inlined from ‘int main(int, char**)’ at /home/runner/work/lockstep/lockstep/apps/lockstep_client.cpp:53:47:
2026-10-05T20:20:26.4346340Z /home/runner/work/lockstep/lockstep/include/lockstep/common/endian.hpp:30:29: error: ‘payload.lockstep::NewOrderPayload::clientSeq’ may be used uninitialized [-Werror=maybe-uninitialized]
2026-10-05T20:20:26.4348269Z    30 |     return __builtin_bswap64(value);
2026-10-05T20:20:26.4348937Z       |            ~~~~~~~~~~~~~~~~~^~~~~~~
2026-10-05T20:20:26.4350295Z /home/runner/work/lockstep/lockstep/apps/lockstep_client.cpp: In function ‘int main(int, char**)’:
2026-10-05T20:20:26.4352264Z /home/runner/work/lockstep/lockstep/apps/lockstep_client.cpp:43:29: note: ‘payload.lockstep::NewOrderPayload::clientSeq’ was declared here
2026-10-05T20:20:26.4353613Z    43 |             NewOrderPayload payload;
2026-10-05T20:20:26.4354266Z       |                             ^~~~~~~
2026-10-05T20:20:26.4355230Z In function ‘uint64_t lockstep::hostToNetwork64(uint64_t)’,
2026-10-05T20:20:26.4356870Z     inlined from ‘void lockstep::writeBeU64(void*, uint64_t)’ at /home/runner/work/lockstep/lockstep/include/lockstep/common/endian.hpp:109:49,
2026-10-05T20:20:26.4359324Z     inlined from ‘bool lockstep::ByteWriter::writeU64(uint64_t)’ at /home/runner/work/lockstep/lockstep/include/lockstep/common/endian.hpp:225:19,
2026-10-05T20:20:26.4361968Z     inlined from ‘static std::size_t lockstep::Codec::encodeNewOrder(const lockstep::NewOrderPayload&, uint8_t*, std::size_t)’ at /home/runner/work/lockstep/lockstep/include/lockstep/protocol/codec.hpp:37:24,
2026-10-05T20:20:26.4364194Z     inlined from ‘int main(int, char**)’ at /home/runner/work/lockstep/lockstep/apps/lockstep_client.cpp:53:47:
2026-10-05T20:20:26.4366604Z /home/runner/work/lockstep/lockstep/include/lockstep/common/endian.hpp:30:29: error: ‘payload.lockstep::NewOrderPayload::clientTimestamp’ may be used uninitialized [-Werror=maybe-uninitialized]
2026-10-05T20:20:26.4368474Z    30 |     return __builtin_bswap64(value);
2026-10-05T20:20:26.4369117Z       |            ~~~~~~~~~~~~~~~~~^~~~~~~
2026-10-05T20:20:26.4370335Z /home/runner/work/lockstep/lockstep/apps/lockstep_client.cpp: In function ‘int main(int, char**)’:
2026-10-05T20:20:26.4372416Z /home/runner/work/lockstep/lockstep/apps/lockstep_client.cpp:43:29: note: ‘payload.lockstep::NewOrderPayload::clientTimestamp’ was declared here
2026-10-05T20:20:26.4373759Z    43 |             NewOrderPayload payload;
2026-10-05T20:20:26.4374424Z       |                             ^~~~~~~
2026-10-05T20:20:26.4375244Z In function ‘void* memcpy(void*, const void*, size_t)’,
2026-10-05T20:20:26.4376962Z     inlined from ‘bool lockstep::ByteWriter::writeBytes(const void*, std::size_t)’ at /home/runner/work/lockstep/lockstep/include/lockstep/common/endian.hpp:241:20,
2026-10-05T20:20:26.4379852Z     inlined from ‘static std::size_t lockstep::Codec::encodeNewOrder(const lockstep::NewOrderPayload&, uint8_t*, std::size_t)’ at /home/runner/work/lockstep/lockstep/include/lockstep/protocol/codec.hpp:38:26,
2026-10-05T20:20:26.4381838Z     inlined from ‘int main(int, char**)’ at /home/runner/work/lockstep/lockstep/apps/lockstep_client.cpp:53:47:
2026-10-05T20:20:26.4384709Z /usr/include/x86_64-linux-gnu/bits/string_fortified.h:29:33: error: ‘*(long unsigned int*)((char*)&payload + offsetof(lockstep::NewOrderPayload, lockstep::NewOrderPayload::reserved[0]))’ may be used uninitialized [-Werror=maybe-uninitialized]
2026-10-05T20:20:26.4386828Z    29 |   return __builtin___memcpy_chk (__dest, __src, __len,
2026-10-05T20:20:26.4387905Z       |          ~~~~~~~~~~~~~~~~~~~~~~~^~~~~~~~~~~~~~~~~~~~~~
2026-10-05T20:20:26.4388651Z    30 |                                  __glibc_objsize0 (__dest));
2026-10-05T20:20:26.4389478Z       |                                  ~~~~~~~~~~~~~~~~~~~~~~~~~~
2026-10-05T20:20:26.4390689Z /home/runner/work/lockstep/lockstep/apps/lockstep_client.cpp: In function ‘int main(int, char**)’:
2026-10-05T20:20:26.4393148Z /home/runner/work/lockstep/lockstep/apps/lockstep_client.cpp:43:29: note: ‘*(long unsigned int*)((char*)&payload + offsetof(lockstep::NewOrderPayload, lockstep::NewOrderPayload::reserved[0]))’ was declared here
2026-10-05T20:20:26.4394888Z    43 |             NewOrderPayload payload;
2026-10-05T20:20:26.4395532Z       |                             ^~~~~~~
2026-10-05T20:20:26.4396186Z cc1plus: all warnings being treated as errors
2026-10-05T20:20:26.4397152Z [18/62] Building CXX object CMakeFiles/lockstep_core.dir/src/network/udp_publisher.cpp.o
2026-10-05T20:20:26.4398512Z [19/62] Building CXX object CMakeFiles/lockstep_core.dir/src/metrics/system_info.cpp.o
2026-10-05T20:20:26.5102698Z [20/62] Building CXX object CMakeFiles/lockstep_core.dir/src/persistence/snapshot.cpp.o
2026-10-05T20:20:27.5221239Z [21/62] Building CXX object CMakeFiles/lockstep_demo.dir/apps/lockstep_demo.cpp.o
2026-10-05T20:20:27.6653449Z [22/62] Building CXX object CMakeFiles/lockstep_exchange.dir/apps/lockstep_exchange.cpp.o
2026-10-05T20:20:27.6654341Z ninja: build stopped: subcommand failed.
2026-10-05T20:20:27.6665322Z make: *** [Makefile:35: build] Error 1
2026-10-05T20:20:27.6684152Z ##[error]Process completed with exit code 2.
2026-10-05T20:20:27.6776336Z ##[group]Run actions/upload-artifact@v4
2026-10-05T20:20:27.6776645Z with:
2026-10-05T20:20:27.6776849Z   name: build-linux-gcc-logs
2026-10-05T20:20:27.6777184Z   path: artifacts/ci
build/Testing
build/compile_commands.json

2026-10-05T20:20:27.6777869Z   if-no-files-found: warn
2026-10-05T20:20:27.6778108Z   compression-level: 6
2026-10-05T20:20:27.6778324Z   overwrite: false
2026-10-05T20:20:27.6778537Z   include-hidden-files: false
2026-10-05T20:20:27.6778790Z ##[endgroup]
2026-10-05T20:20:27.8512561Z (node:2456) [DEP0040] DeprecationWarning: The `punycode` module is deprecated. Please use a userland alternative instead.
2026-10-05T20:20:27.8513882Z (Use `node --trace-deprecation ...` to show where the warning was created)
2026-10-05T20:20:27.8584785Z Multiple search paths detected. Calculating the least common ancestor of all paths
2026-10-05T20:20:27.8598699Z The least common ancestor is /home/runner/work/lockstep/lockstep. This will be the root directory of the artifact
2026-10-05T20:20:27.8599800Z With the provided path, there will be 2 files uploaded
2026-10-05T20:20:27.8600716Z Artifact name is valid!
2026-10-05T20:20:27.8601119Z Root directory input is valid!
2026-10-05T20:20:28.0817660Z Beginning upload of artifact content to blob storage
2026-10-05T20:20:28.1051003Z (node:2456) [DEP0169] DeprecationWarning: `url.parse()` behavior is not standardized and prone to errors that have security implications. Use the WHATWG URL API instead. CVEs are not issued for `url.parse()` vulnerabilities.
2026-10-05T20:20:28.1541514Z Uploaded bytes 3802
2026-10-05T20:20:28.1761646Z Finished uploading artifact content to blob storage!
2026-10-05T20:20:28.1763307Z SHA256 digest of uploaded artifact zip is 0fa2183e7d9fab119ed2ecf5c0b8eddde957ab3c06246cb0f1be41d87989b923
2026-10-05T20:20:28.1764572Z Finalizing artifact upload
2026-10-05T20:20:28.3761828Z Artifact build-linux-gcc-logs.zip successfully finalized. Artifact ID 11368713981
2026-10-05T20:20:28.3764247Z Artifact build-linux-gcc-logs has been successfully uploaded! Final size is 3802 bytes. Artifact ID is 11368713981
2026-10-05T20:20:28.3771348Z Artifact download URL: https://github.com/Aneesh495/lockstep/actions/runs/37369060300/artifacts/11368713981
2026-10-05T20:20:28.3994042Z Post job cleanup.
2026-10-05T20:20:28.4885694Z [command]/usr/bin/git version
2026-10-05T20:20:28.4930853Z git version 2.55.0
2026-10-05T20:20:28.4971957Z Temporarily overriding HOME='/home/runner/work/_temp/9cc66777-acca-4ce7-874e-57fcb316a387' before making global git config changes
2026-10-05T20:20:28.4973583Z Adding repository directory to the temporary git global config as a safe directory
2026-10-05T20:20:28.4977665Z [command]/usr/bin/git config --global --add safe.directory /home/runner/work/lockstep/lockstep
2026-10-05T20:20:28.5021420Z [command]/usr/bin/git config --local --name-only --get-regexp core\.sshCommand
2026-10-05T20:20:28.5063066Z [command]/usr/bin/git submodule foreach --recursive sh -c "git config --local --name-only --get-regexp 'core\.sshCommand' && git config --local --unset-all 'core.sshCommand' || :"
2026-10-05T20:20:28.5351519Z [command]/usr/bin/git config --local --name-only --get-regexp http\.https\:\/\/github\.com\/\.extraheader
2026-10-05T20:20:28.5383604Z http.https://github.com/.extraheader
2026-10-05T20:20:28.5396286Z [command]/usr/bin/git config --local --unset-all http.https://github.com/.extraheader
2026-10-05T20:20:28.5437212Z [command]/usr/bin/git submodule foreach --recursive sh -c "git config --local --name-only --get-regexp 'http\.https\:\/\/github\.com\/\.extraheader' && git config --local --unset-all 'http.https://github.com/.extraheader' || :"
2026-10-05T20:20:28.5695941Z [command]/usr/bin/git config --local --name-only --get-regexp ^includeIf\.gitdir:
2026-10-05T20:20:28.5765571Z [command]/usr/bin/git submodule foreach --recursive git config --local --show-origin --name-only --get-regexp remote.origin.url
2026-10-05T20:20:28.6194318Z Cleaning up orphan processes
2026-10-05T20:20:28.6487724Z ##[warning]Node.js 20 is deprecated. The following actions target Node.js 20 but are being forced to run on Node.js 24: actions/checkout@v4, actions/upload-artifact@v4. For more information see: https://github.blog/changelog/2025-09-19-deprecation-of-node-20-on-github-actions-runners/
