2026-10-06T00:41:26.8574486Z Current runner version: '2.337.0'
2026-10-06T00:41:26.8607077Z ##[group]Runner Image Provisioner
2026-10-06T00:41:26.8608305Z Hosted Compute Agent
2026-10-06T00:41:26.8609033Z Version: 20260901.588
2026-10-06T00:41:26.8609769Z Commit: f88ec8081b781fac6c440065ac7ff9e710ce3d0b
2026-10-06T00:41:26.8610571Z Build Date: 2026-09-01T19:56:44Z
2026-10-06T00:41:26.8611296Z Worker ID: {d2b6cf05-ce30-439e-9921-f07077ba2d1e}
2026-10-06T00:41:26.8612030Z Azure Region: eastus
2026-10-06T00:41:26.8612675Z ##[endgroup]
2026-10-06T00:41:26.8614250Z ##[group]Operating System
2026-10-06T00:41:26.8614947Z Ubuntu
2026-10-06T00:41:26.8615482Z 24.04.5
2026-10-06T00:41:26.8615998Z LTS
2026-10-06T00:41:26.8616569Z ##[endgroup]
2026-10-06T00:41:26.8617175Z ##[group]Runner Image
2026-10-06T00:41:26.8618298Z Image: ubuntu-24.04
2026-10-06T00:41:26.8618926Z Version: 20260927.320.1
2026-10-06T00:41:26.8620688Z Included Software: https://github.com/actions/runner-images/blob/ubuntu24/20260927.320/images/ubuntu/Ubuntu2404-Readme.md
2026-10-06T00:41:26.8622394Z Image Release: https://github.com/actions/runner-images/releases/tag/ubuntu24%2F20260927.320
2026-10-06T00:41:26.8623465Z ##[endgroup]
2026-10-06T00:41:26.8624638Z ##[group]GITHUB_TOKEN Permissions
2026-10-06T00:41:26.8626853Z Contents: read
2026-10-06T00:41:26.8627869Z Metadata: read
2026-10-06T00:41:26.8628461Z ##[endgroup]
2026-10-06T00:41:26.8630732Z Secret source: Actions
2026-10-06T00:41:26.8631718Z Cache mode: write
2026-10-06T00:41:26.8632814Z Prepare workflow directory
2026-10-06T00:41:26.8968665Z Prepare all required actions
2026-10-06T00:41:26.9016378Z Getting action download info
2026-10-06T00:41:27.1924350Z Download action repository 'actions/checkout@v4' (SHA:11d5960a326750d5838078e36cf38b85af677262)
2026-10-06T00:41:27.3240426Z Download action repository 'actions/upload-artifact@v4' (SHA:ea165f8d65b6e75b540449e92b4886f43607fa02)
2026-10-06T00:41:27.5980076Z Complete job name: build-linux-gcc
2026-10-06T00:41:27.6753906Z ##[group]Run actions/checkout@v4
2026-10-06T00:41:27.6754817Z with:
2026-10-06T00:41:27.6755274Z   repository: Aneesh495/lockstep
2026-10-06T00:41:27.6759275Z   token: ***
2026-10-06T00:41:27.6759717Z   ssh-strict: true
2026-10-06T00:41:27.6760163Z   ssh-user: git
2026-10-06T00:41:27.6760614Z   persist-credentials: true
2026-10-06T00:41:27.6761109Z   clean: true
2026-10-06T00:41:27.6761557Z   sparse-checkout-cone-mode: true
2026-10-06T00:41:27.6762087Z   fetch-depth: 1
2026-10-06T00:41:27.6762524Z   fetch-tags: false
2026-10-06T00:41:27.6762970Z   show-progress: true
2026-10-06T00:41:27.6763427Z   lfs: false
2026-10-06T00:41:27.6763840Z   submodules: false
2026-10-06T00:41:27.6764298Z   set-safe-directory: true
2026-10-06T00:41:27.6764825Z   allow-unsafe-pr-checkout: false
2026-10-06T00:41:27.6765606Z ##[endgroup]
2026-10-06T00:41:27.7765384Z Syncing repository: Aneesh495/lockstep
2026-10-06T00:41:27.7768220Z ##[group]Getting Git version info
2026-10-06T00:41:27.7769456Z Working directory is '/home/runner/work/lockstep/lockstep'
2026-10-06T00:41:27.7771175Z [command]/usr/bin/git version
2026-10-06T00:41:27.7848070Z git version 2.55.0
2026-10-06T00:41:27.7871092Z ##[endgroup]
2026-10-06T00:41:27.7893022Z Temporarily overriding HOME='/home/runner/work/_temp/b174d609-4944-4e3a-a193-8885dcb151d5' before making global git config changes
2026-10-06T00:41:27.7895921Z Adding repository directory to the temporary git global config as a safe directory
2026-10-06T00:41:27.7904993Z [command]/usr/bin/git config --global --add safe.directory /home/runner/work/lockstep/lockstep
2026-10-06T00:41:27.7957877Z Deleting the contents of '/home/runner/work/lockstep/lockstep'
2026-10-06T00:41:27.7962778Z ##[group]Initializing the repository
2026-10-06T00:41:27.7967409Z [command]/usr/bin/git init /home/runner/work/lockstep/lockstep
2026-10-06T00:41:27.8095216Z hint: Using 'master' as the name for the initial branch. This default branch name
2026-10-06T00:41:27.8096726Z hint: will change to "main" in Git 3.0. To configure the initial branch name
2026-10-06T00:41:27.8098507Z hint: to use in all of your new repositories, which will suppress this warning,
2026-10-06T00:41:27.8100470Z hint: call:
2026-10-06T00:41:27.8101146Z hint:
2026-10-06T00:41:27.8102002Z hint: 	git config --global init.defaultBranch <name>
2026-10-06T00:41:27.8102845Z hint:
2026-10-06T00:41:27.8103439Z hint: Names commonly chosen instead of 'master' are 'main', 'trunk' and
2026-10-06T00:41:27.8104380Z hint: 'development'. The just-created branch can be renamed via this command:
2026-10-06T00:41:27.8105124Z hint:
2026-10-06T00:41:27.8105547Z hint: 	git branch -m <name>
2026-10-06T00:41:27.8106026Z hint:
2026-10-06T00:41:27.8106644Z hint: Disable this message with "git config set advice.defaultBranchName false"
2026-10-06T00:41:27.8107845Z Initialized empty Git repository in /home/runner/work/lockstep/lockstep/.git/
2026-10-06T00:41:27.8123488Z [command]/usr/bin/git remote add origin https://github.com/Aneesh495/lockstep
2026-10-06T00:41:27.8175748Z ##[endgroup]
2026-10-06T00:41:27.8177108Z ##[group]Disabling automatic garbage collection
2026-10-06T00:41:27.8191917Z [command]/usr/bin/git config --local gc.auto 0
2026-10-06T00:41:27.8257346Z ##[endgroup]
2026-10-06T00:41:27.8258997Z ##[group]Setting up auth
2026-10-06T00:41:27.8260442Z [command]/usr/bin/git config --local --name-only --get-regexp core\.sshCommand
2026-10-06T00:41:27.8291231Z [command]/usr/bin/git submodule foreach --recursive sh -c "git config --local --name-only --get-regexp 'core\.sshCommand' && git config --local --unset-all 'core.sshCommand' || :"
2026-10-06T00:41:27.8761579Z [command]/usr/bin/git config --local --name-only --get-regexp http\.https\:\/\/github\.com\/\.extraheader
2026-10-06T00:41:27.8813959Z [command]/usr/bin/git submodule foreach --recursive sh -c "git config --local --name-only --get-regexp 'http\.https\:\/\/github\.com\/\.extraheader' && git config --local --unset-all 'http.https://github.com/.extraheader' || :"
2026-10-06T00:41:27.9068488Z [command]/usr/bin/git config --local --name-only --get-regexp ^includeIf\.gitdir:
2026-10-06T00:41:27.9123370Z [command]/usr/bin/git submodule foreach --recursive git config --local --show-origin --name-only --get-regexp remote.origin.url
2026-10-06T00:41:27.9342501Z [command]/usr/bin/git config --local http.https://github.com/.extraheader AUTHORIZATION: basic ***
2026-10-06T00:41:27.9399162Z ##[endgroup]
2026-10-06T00:41:27.9400849Z ##[group]Fetching the repository
2026-10-06T00:41:27.9404404Z [command]/usr/bin/git -c protocol.version=2 fetch --no-tags --prune --no-recurse-submodules --depth=1 origin +a7daee4136e7a6b806f459479bca42334aa8a415:refs/remotes/origin/main
2026-10-06T00:41:28.1952904Z From https://github.com/Aneesh495/lockstep
2026-10-06T00:41:28.1954000Z  * [new ref]         a7daee4136e7a6b806f459479bca42334aa8a415 -> origin/main
2026-10-06T00:41:28.1957254Z ##[endgroup]
2026-10-06T00:41:28.1958401Z ##[group]Determining the checkout info
2026-10-06T00:41:28.1960211Z ##[endgroup]
2026-10-06T00:41:28.1966195Z [command]/usr/bin/git sparse-checkout disable
2026-10-06T00:41:28.2058970Z [command]/usr/bin/git config --local --unset-all extensions.worktreeConfig
2026-10-06T00:41:28.2092071Z ##[group]Checking out the ref
2026-10-06T00:41:28.2103171Z [command]/usr/bin/git checkout --progress --force -B main refs/remotes/origin/main
2026-10-06T00:41:28.2238018Z Switched to a new branch 'main'
2026-10-06T00:41:28.2245307Z branch 'main' set up to track 'origin/main'.
2026-10-06T00:41:28.2251874Z ##[endgroup]
2026-10-06T00:41:28.2294653Z [command]/usr/bin/git log -1 --format=%H
2026-10-06T00:41:28.2321284Z a7daee4136e7a6b806f459479bca42334aa8a415
2026-10-06T00:41:28.2570922Z ##[group]Run uname -a
2026-10-06T00:41:28.2571557Z [36;1muname -a[0m
2026-10-06T00:41:28.2572030Z [36;1mg++ --version[0m
2026-10-06T00:41:28.2572800Z [36;1mif [ 'build-linux-gcc' = build-macos-arm64 ]; then test "$(uname -m)" = arm64; fi[0m
2026-10-06T00:41:28.2861272Z shell: /usr/bin/bash -e {0}
2026-10-06T00:41:28.2861897Z ##[endgroup]
2026-10-06T00:41:28.2982170Z Linux runnervm8df0l 6.17.0-1022-azure #22-Ubuntu SMP Mon Jul 27 17:24:03 UTC 2026 x86_64 x86_64 x86_64 GNU/Linux
2026-10-06T00:41:28.3578593Z g++ (Ubuntu 13.3.0-6ubuntu2~24.04.1) 13.3.0
2026-10-06T00:41:28.3580029Z Copyright (C) 2023 Free Software Foundation, Inc.
2026-10-06T00:41:28.3581789Z This is free software; see the source for copying conditions.  There is NO
2026-10-06T00:41:28.3583189Z warranty; not even for MERCHANTABILITY or FITNESS FOR A PARTICULAR PURPOSE.
2026-10-06T00:41:28.3583876Z 
2026-10-06T00:41:28.3631714Z ##[group]Run set -euo pipefail
2026-10-06T00:41:28.3632344Z [36;1mset -euo pipefail[0m
2026-10-06T00:41:28.3632880Z [36;1mmkdir -p artifacts/ci[0m
2026-10-06T00:41:28.3633715Z [36;1mmake test CMAKE_FLAGS='-DCMAKE_CXX_COMPILER=g++' 2>&1 | tee artifacts/ci/test.log[0m
2026-10-06T00:41:28.3634849Z [36;1mpython3 tools/check_headers.py --compiler 'g++' 2>&1 | tee artifacts/ci/headers.log[0m
2026-10-06T00:41:28.3635794Z [36;1mmake demo 2>&1 | tee artifacts/ci/demo.log[0m
2026-10-06T00:41:28.3700981Z shell: /usr/bin/bash --noprofile --norc -e -o pipefail {0}
2026-10-06T00:41:28.3701695Z ##[endgroup]
2026-10-06T00:41:28.4021348Z === Configuring Lockstep ===
2026-10-06T00:41:28.4023389Z cmake -S . -B build -G "Ninja" -DCMAKE_BUILD_TYPE=Release -DCMAKE_CXX_COMPILER=g++
2026-10-06T00:41:30.2056973Z -- The CXX compiler identification is GNU 13.3.0
2026-10-06T00:41:30.3272954Z -- Detecting CXX compiler ABI info
2026-10-06T00:41:30.5542837Z -- Detecting CXX compiler ABI info - done
2026-10-06T00:41:30.5707171Z -- Check for working CXX compiler: /usr/bin/g++ - skipped
2026-10-06T00:41:30.5758947Z -- Detecting CXX compile features
2026-10-06T00:41:30.5849693Z -- Detecting CXX compile features - done
2026-10-06T00:41:30.6213958Z -- Performing Test HAVE_MARCH_NATIVE
2026-10-06T00:41:30.7088203Z -- Performing Test HAVE_MARCH_NATIVE - Success
2026-10-06T00:41:30.7110058Z -- 
2026-10-06T00:41:30.7110605Z -- Lockstep Configuration Summary
2026-10-06T00:41:30.7111103Z -- ================================
2026-10-06T00:41:30.7111610Z -- Build type: Release
2026-10-06T00:41:30.7112124Z -- C++ Standard: 20
2026-10-06T00:41:30.7112525Z -- Compiler: GNU 13.3.0
2026-10-06T00:41:30.7113034Z -- System: Linux x86_64
2026-10-06T00:41:30.7113471Z -- Native CPU flag: -march=native
2026-10-06T00:41:30.7113823Z -- Build tests: ON
2026-10-06T00:41:30.7114047Z -- Build benchmarks: ON
2026-10-06T00:41:30.7114272Z -- Build apps: ON
2026-10-06T00:41:30.7114498Z -- Enable sanitizers: OFF
2026-10-06T00:41:30.7114767Z -- Enable TSan: OFF
2026-10-06T00:41:30.7114995Z -- Enable native: OFF
2026-10-06T00:41:30.7115203Z -- 
2026-10-06T00:41:30.7115424Z -- Configuring done (1.9s)
2026-10-06T00:41:30.7354875Z -- Generating done (0.0s)
2026-10-06T00:41:30.7359344Z -- Build files have been written to: /home/runner/work/lockstep/lockstep/build
2026-10-06T00:41:30.7452101Z === Building Lockstep ===
2026-10-06T00:41:30.7458942Z cmake --build build --parallel
2026-10-06T00:41:31.3225644Z [1/62] Building CXX object CMakeFiles/lockstep_core.dir/src/common/virtual_clock.cpp.o
2026-10-06T00:41:31.4691603Z [2/62] Building CXX object CMakeFiles/lockstep_core.dir/src/protocol/codec.cpp.o
2026-10-06T00:41:31.5167854Z [3/62] Building CXX object CMakeFiles/lockstep_core.dir/src/common/crc32c.cpp.o
2026-10-06T00:41:31.9217050Z [4/62] Building CXX object CMakeFiles/lockstep_core.dir/src/common/stable_digest.cpp.o
2026-10-06T00:41:33.7248932Z [5/62] Building CXX object CMakeFiles/lockstep_core.dir/src/engine/matching_engine.cpp.o
2026-10-06T00:41:33.7659605Z [6/62] Building CXX object CMakeFiles/lockstep_core.dir/src/persistence/wal.cpp.o
2026-10-06T00:41:33.8348766Z [7/62] Building CXX object CMakeFiles/lockstep_core.dir/src/risk/risk_engine.cpp.o
2026-10-06T00:41:34.0358893Z [8/62] Building CXX object CMakeFiles/lockstep_core.dir/src/engine/order_book.cpp.o
2026-10-06T00:41:34.2759056Z [9/62] Building CXX object CMakeFiles/lockstep_core.dir/src/engine/reference_book.cpp.o
2026-10-06T00:41:35.1978914Z [10/62] Building CXX object CMakeFiles/lockstep_core.dir/src/network/snapshot_client.cpp.o
2026-10-06T00:41:36.4688934Z [11/62] Building CXX object CMakeFiles/lockstep_core.dir/src/network/tcp_gateway.cpp.o
2026-10-06T00:41:36.8648882Z [12/62] Building CXX object CMakeFiles/lockstep_core.dir/src/network/feed_arbiter.cpp.o
2026-10-06T00:41:36.9098786Z [13/62] Building CXX object CMakeFiles/lockstep_core.dir/src/fault/fault_proxy.cpp.o
2026-10-06T00:41:37.0470127Z [14/62] Building CXX object CMakeFiles/lockstep_core.dir/src/persistence/snapshot.cpp.o
2026-10-06T00:41:37.1429281Z [15/62] Building CXX object CMakeFiles/lockstep_core.dir/src/metrics/allocation_counter.cpp.o
2026-10-06T00:41:37.2328794Z [16/62] Building CXX object CMakeFiles/lockstep_core.dir/src/persistence/recovery.cpp.o
2026-10-06T00:41:37.3998918Z [17/62] Building CXX object CMakeFiles/lockstep_core.dir/src/metrics/histogram.cpp.o
2026-10-06T00:41:37.5279100Z [18/62] Building CXX object CMakeFiles/lockstep_core.dir/src/network/udp_publisher.cpp.o
2026-10-06T00:41:38.6219427Z [19/62] Building CXX object CMakeFiles/lockstep_client.dir/apps/lockstep_client.cpp.o
2026-10-06T00:41:38.6899919Z [20/62] Building CXX object CMakeFiles/lockstep_tests.dir/tests/test_runners.cpp.o
2026-10-06T00:41:38.7503285Z [21/62] Building CXX object CMakeFiles/lockstep_replay.dir/apps/lockstep_replay.cpp.o
2026-10-06T00:41:38.7819229Z [22/62] Building CXX object CMakeFiles/lockstep_tests.dir/tests/test_main.cpp.o
2026-10-06T00:41:39.1438527Z [23/62] Building CXX object CMakeFiles/lockstep_core.dir/src/metrics/system_info.cpp.o
2026-10-06T00:41:39.3891441Z [24/62] Building CXX object CMakeFiles/lockstep_tests.dir/tests/unit/test_crc32c.cpp.o
2026-10-06T00:41:39.4889054Z [25/62] Building CXX object CMakeFiles/lockstep_tests.dir/tests/unit/test_checked_math.cpp.o
2026-10-06T00:41:39.6699072Z [26/62] Building CXX object CMakeFiles/lockstep_tests.dir/tests/unit/test_endian.cpp.o
2026-10-06T00:41:39.9958685Z [27/62] Building CXX object CMakeFiles/lockstep_demo.dir/apps/lockstep_demo.cpp.o
2026-10-06T00:41:40.0828775Z [28/62] Building CXX object CMakeFiles/lockstep_tests.dir/tests/unit/test_object_pool.cpp.o
2026-10-06T00:41:40.3534200Z [29/62] Building CXX object CMakeFiles/lockstep_tests.dir/tests/unit/test_robin_hood_map.cpp.o
2026-10-06T00:41:40.7593317Z [30/62] Building CXX object CMakeFiles/lockstep_tests.dir/tests/unit/test_spsc_ring.cpp.o
2026-10-06T00:41:41.0228900Z [31/62] Building CXX object CMakeFiles/lockstep_exchange.dir/apps/lockstep_exchange.cpp.o
2026-10-06T00:41:41.2240548Z [32/62] Building CXX object CMakeFiles/lockstep_tests.dir/tests/unit/test_order_book_detail.cpp.o
2026-10-06T00:41:41.3888807Z [33/62] Building CXX object CMakeFiles/lockstep_tests.dir/tests/unit/test_order_book.cpp.o
2026-10-06T00:41:41.4819002Z [34/62] Building CXX object CMakeFiles/lockstep_tests.dir/tests/unit/test_risk_engine.cpp.o
2026-10-06T00:41:42.0821675Z [35/62] Building CXX object CMakeFiles/lockstep_tests.dir/tests/unit/test_codec.cpp.o
2026-10-06T00:41:42.3789333Z [36/62] Building CXX object CMakeFiles/lockstep_tests.dir/tests/unit/test_wal.cpp.o
2026-10-06T00:41:42.3948316Z [37/62] Building CXX object CMakeFiles/lockstep_tests.dir/tests/unit/test_matching_engine.cpp.o
2026-10-06T00:41:43.2639067Z [38/62] Building CXX object CMakeFiles/lockstep_tests.dir/tests/unit/test_snapshot.cpp.o
2026-10-06T00:41:44.2826390Z [39/62] Building CXX object CMakeFiles/lockstep_tests.dir/tests/golden/test_golden.cpp.o
2026-10-06T00:41:45.0886499Z [40/62] Building CXX object CMakeFiles/lockstep_tests.dir/tests/integration/test_network.cpp.o
2026-10-06T00:41:45.3448781Z [41/62] Building CXX object CMakeFiles/lockstep_bench.dir/bench/allocation_probe.cpp.o
2026-10-06T00:41:45.9514512Z [42/62] Building CXX object CMakeFiles/lockstep_tests.dir/tests/network/test_udp.cpp.o
2026-10-06T00:41:46.3166455Z [43/62] Building CXX object CMakeFiles/lockstep_tests.dir/tests/recovery/test_recovery.cpp.o
2026-10-06T00:41:47.5158951Z [44/62] Building CXX object CMakeFiles/fuzz_frame_decoder.dir/fuzz/fuzz_frame_decoder.cpp.o
2026-10-06T00:41:47.5178657Z FAILED: [code=1] CMakeFiles/fuzz_frame_decoder.dir/fuzz/fuzz_frame_decoder.cpp.o 
2026-10-06T00:41:47.5205175Z /usr/bin/g++  -I/home/runner/work/lockstep/lockstep/include -O3 -DNDEBUG -std=c++20 -Wall -Wextra -Wpedantic -Werror -Wshadow -Wconversion -Wsign-conversion -Wdouble-promotion -Wformat=2 -Wuninitialized -Wold-style-cast -Wnull-dereference -Woverloaded-virtual -Wnon-virtual-dtor -Wcast-align -Wunused -Wmissing-include-dirs -Wno-unused-parameter -MD -MT CMakeFiles/fuzz_frame_decoder.dir/fuzz/fuzz_frame_decoder.cpp.o -MF CMakeFiles/fuzz_frame_decoder.dir/fuzz/fuzz_frame_decoder.cpp.o.d -o CMakeFiles/fuzz_frame_decoder.dir/fuzz/fuzz_frame_decoder.cpp.o -c /home/runner/work/lockstep/lockstep/fuzz/fuzz_frame_decoder.cpp
2026-10-06T00:41:47.5210635Z /home/runner/work/lockstep/lockstep/fuzz/fuzz_frame_decoder.cpp: In function ‘int main(int, char**)’:
2026-10-06T00:41:47.5213627Z /home/runner/work/lockstep/lockstep/fuzz/fuzz_frame_decoder.cpp:226:38: error: conversion to ‘long long unsigned int’ from ‘uint64_t’ {aka ‘long unsigned int’} may change the sign of the result [-Werror=sign-conversion]
2026-10-06T00:41:47.5215609Z   226 |         writer.writeU64(1000000ULL + static_cast<uint64_t>(i));        // timestamp
2026-10-06T00:41:47.5219747Z       |                                      ^~~~~~~~~~~~~~~~~~~~~~~~
2026-10-06T00:41:47.5220554Z cc1plus: all warnings being treated as errors
2026-10-06T00:41:47.5221339Z [45/62] Linking CXX static library liblockstep_core.a
2026-10-06T00:41:47.7849114Z [46/62] Building CXX object CMakeFiles/lockstep_bench.dir/bench/lockstep_bench.cpp.o
2026-10-06T00:41:47.8129957Z [47/62] Building CXX object CMakeFiles/lockstep_tests.dir/tests/property/test_differential.cpp.o
2026-10-06T00:41:49.5473806Z [48/62] Building CXX object CMakeFiles/lockstep_fault_stress.dir/bench/lockstep_fault_stress.cpp.o
2026-10-06T00:41:50.5886640Z [49/62] Building CXX object CMakeFiles/lockstep_crash_matrix.dir/bench/lockstep_crash_matrix.cpp.o
2026-10-06T00:41:50.5887191Z ninja: build stopped: subcommand failed.
2026-10-06T00:41:50.5897819Z make: *** [Makefile:35: build] Error 1
2026-10-06T00:41:50.5915784Z ##[error]Process completed with exit code 2.
2026-10-06T00:41:50.6004413Z ##[group]Run actions/upload-artifact@v4
2026-10-06T00:41:50.6004714Z with:
2026-10-06T00:41:50.6004924Z   name: build-linux-gcc-logs
2026-10-06T00:41:50.6005253Z   path: artifacts/ci
build/Testing
build/compile_commands.json

2026-10-06T00:41:50.6005604Z   if-no-files-found: warn
2026-10-06T00:41:50.6005832Z   compression-level: 6
2026-10-06T00:41:50.6006046Z   overwrite: false
2026-10-06T00:41:50.6006258Z   include-hidden-files: false
2026-10-06T00:41:50.6006500Z ##[endgroup]
2026-10-06T00:41:50.7611081Z (node:2562) [DEP0040] DeprecationWarning: The `punycode` module is deprecated. Please use a userland alternative instead.
2026-10-06T00:41:50.7611888Z (Use `node --trace-deprecation ...` to show where the warning was created)
2026-10-06T00:41:50.7671251Z Multiple search paths detected. Calculating the least common ancestor of all paths
2026-10-06T00:41:50.7681069Z The least common ancestor is /home/runner/work/lockstep/lockstep. This will be the root directory of the artifact
2026-10-06T00:41:50.7682342Z With the provided path, there will be 2 files uploaded
2026-10-06T00:41:50.7683532Z Artifact name is valid!
2026-10-06T00:41:50.7684092Z Root directory input is valid!
2026-10-06T00:41:50.9704027Z Beginning upload of artifact content to blob storage
2026-10-06T00:41:50.9965591Z (node:2562) [DEP0169] DeprecationWarning: `url.parse()` behavior is not standardized and prone to errors that have security implications. Use the WHATWG URL API instead. CVEs are not issued for `url.parse()` vulnerabilities.
2026-10-06T00:41:51.0375102Z Uploaded bytes 3535
2026-10-06T00:41:51.0566618Z Finished uploading artifact content to blob storage!
2026-10-06T00:41:51.0567990Z SHA256 digest of uploaded artifact zip is afada1fbf093b077de524b412b27b40c5f997dd69cb40aee718c5e95df7cca35
2026-10-06T00:41:51.0569706Z Finalizing artifact upload
2026-10-06T00:41:51.2969988Z Artifact build-linux-gcc-logs.zip successfully finalized. Artifact ID 11382952267
2026-10-06T00:41:51.2971663Z Artifact build-linux-gcc-logs has been successfully uploaded! Final size is 3535 bytes. Artifact ID is 11382952267
2026-10-06T00:41:51.2976584Z Artifact download URL: https://github.com/Aneesh495/lockstep/actions/runs/37395303517/artifacts/11382952267
2026-10-06T00:41:51.3188977Z Post job cleanup.
2026-10-06T00:41:51.4016441Z [command]/usr/bin/git version
2026-10-06T00:41:51.4060483Z git version 2.55.0
2026-10-06T00:41:51.4099176Z Temporarily overriding HOME='/home/runner/work/_temp/7ee697a1-3f87-46a5-a265-289639d83641' before making global git config changes
2026-10-06T00:41:51.4100595Z Adding repository directory to the temporary git global config as a safe directory
2026-10-06T00:41:51.4103961Z [command]/usr/bin/git config --global --add safe.directory /home/runner/work/lockstep/lockstep
2026-10-06T00:41:51.4145031Z [command]/usr/bin/git config --local --name-only --get-regexp core\.sshCommand
2026-10-06T00:41:51.4179920Z [command]/usr/bin/git submodule foreach --recursive sh -c "git config --local --name-only --get-regexp 'core\.sshCommand' && git config --local --unset-all 'core.sshCommand' || :"
2026-10-06T00:41:51.4426243Z [command]/usr/bin/git config --local --name-only --get-regexp http\.https\:\/\/github\.com\/\.extraheader
2026-10-06T00:41:51.4456931Z http.https://github.com/.extraheader
2026-10-06T00:41:51.4477299Z [command]/usr/bin/git config --local --unset-all http.https://github.com/.extraheader
2026-10-06T00:41:51.4510698Z [command]/usr/bin/git submodule foreach --recursive sh -c "git config --local --name-only --get-regexp 'http\.https\:\/\/github\.com\/\.extraheader' && git config --local --unset-all 'http.https://github.com/.extraheader' || :"
2026-10-06T00:41:51.4766644Z [command]/usr/bin/git config --local --name-only --get-regexp ^includeIf\.gitdir:
2026-10-06T00:41:51.4816410Z [command]/usr/bin/git submodule foreach --recursive git config --local --show-origin --name-only --get-regexp remote.origin.url
2026-10-06T00:41:51.5226548Z Cleaning up orphan processes
2026-10-06T00:41:51.5521217Z ##[warning]Node.js 20 is deprecated. The following actions target Node.js 20 but are being forced to run on Node.js 24: actions/checkout@v4, actions/upload-artifact@v4. For more information see: https://github.blog/changelog/2025-09-19-deprecation-of-node-20-on-github-actions-runners/
